2026-07-09 20:07:19 - INFO - Migration log: migrations_logs\renumber_learner_ids_20260709_200719.log
2026-07-09 20:07:19 - INFO - ======================================================================
2026-07-09 20:07:19 - INFO - Learner ID Renumbering Migration
2026-07-09 20:07:19 - INFO - ======================================================================
2026-07-09 20:07:19 - INFO - Database: lmpts.db
2026-07-09 20:07:19 - INFO - Dry-run: False
2026-07-09 20:07:19 - INFO - Database backed up to: lmpts_backup_20260709_200719.db
2026-07-09 20:07:19 - INFO - Discovering schema...
2026-07-09 20:07:19 - INFO -   Learner ID column: learner_id
2026-07-09 20:07:19 - INFO -   Registration order column: date_registered
2026-07-09 20:07:19 - INFO -   Tables with learner_id: ['learners', 'enrollments']
2026-07-09 20:07:19 - INFO - Checking if migration is needed...
2026-07-09 20:07:19 - INFO -   Migration needed: IDs are not in clean sequential order
2026-07-09 20:07:19 - INFO - Building learner ID mapping...
2026-07-09 20:07:19 - DEBUG -   L015 (registered: 2000-01-01 00:00:00) -> L001
2026-07-09 20:07:19 - DEBUG -   L013 (registered: 2000-01-01 00:00:01) -> L002
2026-07-09 20:07:19 - DEBUG -   L011 (registered: 2000-01-01 00:00:02) -> L003
2026-07-09 20:07:19 - DEBUG -   L004 (registered: 2000-01-01 00:00:03) -> L004
2026-07-09 20:07:19 - DEBUG -   L009 (registered: 2000-01-01 00:00:04) -> L005
2026-07-09 20:07:19 - DEBUG -   L022 (registered: 2000-01-01 00:00:05) -> L006
2026-07-09 20:07:19 - DEBUG -   L021 (registered: 2000-01-01 00:00:06) -> L007
2026-07-09 20:07:19 - DEBUG -   L007 (registered: 2000-01-01 00:00:07) -> L008
2026-07-09 20:07:19 - DEBUG -   L014 (registered: 2000-01-01 00:00:08) -> L009
2026-07-09 20:07:19 - DEBUG -   L001 (registered: 2000-01-01 00:00:09) -> L010
2026-07-09 20:07:19 - DEBUG -   L020 (registered: 2000-01-01 00:00:10) -> L011
2026-07-09 20:07:19 - DEBUG -   L017 (registered: 2000-01-01 00:00:11) -> L012
2026-07-09 20:07:19 - DEBUG -   L018 (registered: 2000-01-01 00:00:12) -> L013
2026-07-09 20:07:19 - DEBUG -   L006 (registered: 2000-01-01 00:00:13) -> L014
2026-07-09 20:07:19 - DEBUG -   L010 (registered: 2000-01-01 00:00:14) -> L015
2026-07-09 20:07:19 - DEBUG -   L019 (registered: 2000-01-01 00:00:15) -> L016
2026-07-09 20:07:19 - DEBUG -   L012 (registered: 2000-01-01 00:00:16) -> L017
2026-07-09 20:07:19 - DEBUG -   L002 (registered: 2000-01-01 00:00:17) -> L018
2026-07-09 20:07:19 - DEBUG -   L016 (registered: 2000-01-01 00:00:18) -> L019
2026-07-09 20:07:19 - DEBUG -   L005 (registered: 2000-01-01 00:00:19) -> L020
2026-07-09 20:07:19 - DEBUG -   L008 (registered: 2000-01-01 00:00:20) -> L021
2026-07-09 20:07:19 - DEBUG -   L003 (registered: 2000-01-01 00:00:21) -> L022
2026-07-09 20:07:19 - INFO - Built mapping for 22 learners
2026-07-09 20:07:19 - INFO - Starting migration transaction...
2026-07-09 20:07:19 - DEBUG - Foreign key constraints deferred until transaction end
2026-07-09 20:07:19 - INFO - Updating table 'enrollments' column 'learner_id'...
2026-07-09 20:07:19 - DEBUG -   Updated 9 row(s) in enrollments
2026-07-09 20:07:19 - ERROR - Migration failed: UNIQUE constraint failed: enrollments.learner_id, enrollments.course_code
Traceback (most recent call last):
  File "C:\Users\sumithra.m\Desktop\learn_graph_project\migrations\renumber_learner_ids.py", line 362, in execute_migration
    cursor.execute(
sqlite3.IntegrityError: UNIQUE constraint failed: enrollments.learner_id, enrollments.course_code
2026-07-09 20:07:19 - INFO - Transaction rolled back; database unchanged
2026-07-09 20:07:19 - ERROR - Fatal error: UNIQUE constraint failed: enrollments.learner_id, enrollments.course_code
Traceback (most recent call last):
  File "C:\Users\sumithra.m\Desktop\learn_graph_project\migrations\renumber_learner_ids.py", line 571, in main
    execute_migration(
  File "C:\Users\sumithra.m\Desktop\learn_graph_project\migrations\renumber_learner_ids.py", line 362, in execute_migration
    cursor.execute(
sqlite3.IntegrityError: UNIQUE constraint failed: enrollments.learner_id, enrollments.course_code
